[INFO] Scanning for projects...
[INFO] 
[INFO] --------------------------< com.example:Shop >--------------------------
[INFO] Building Shop 1.0-SNAPSHOT
[INFO]   from pom.xml
[INFO] --------------------------------[ jar ]---------------------------------
[WARNING] 6 problems were encountered while building the effective model for org.openjfx:javafx-controls:jar:21 during dependency collection step for project (use -X to see details)
[WARNING] 6 problems were encountered while building the effective model for org.openjfx:javafx-swing:jar:22.0.1 during dependency collection step for project (use -X to see details)
[INFO] 
[INFO] --- resources:3.3.1:resources (default-resources) @ Shop ---
[INFO] Copying 103 resources from src\main\resources to target\classes
[INFO] 
[INFO] --- compiler:3.13.0:compile (default-compile) @ Shop ---
[INFO] Recompiling the module because of changed source code.
[INFO] Compiling 196 source files with javac [debug target 21] to target\classes
[INFO] /C:/Users/Admin/Documents/HTTTDN/ManageLegoShop_DesktopApp_V2/src/main/java/GUI/SellingProductController.java: C:\Users\Admin\Documents\HTTTDN\ManageLegoShop_DesktopApp_V2\src\main\java\GUI\SellingProductController.java uses or overrides a deprecated API.
[INFO] /C:/Users/Admin/Documents/HTTTDN/ManageLegoShop_DesktopApp_V2/src/main/java/GUI/SellingProductController.java: Recompile with -Xlint:deprecation for details.
[INFO] -------------------------------------------------------------
[WARNING] COMPILATION WARNING : 
[INFO] -------------------------------------------------------------
[WARNING] /C:/Users/Admin/Documents/HTTTDN/ManageLegoShop_DesktopApp_V2/src/main/java/DTO/RoleDTO.java:[7,1] Not generating toString(): A method with that name already exists
[WARNING] /C:/Users/Admin/Documents/HTTTDN/ManageLegoShop_DesktopApp_V2/src/main/java/DTO/StatusDTO.java:[5,1] Not generating toString(): A method with that name already exists
[INFO] 2 warnings 
[INFO] -------------------------------------------------------------
[INFO] -------------------------------------------------------------
[ERROR] COMPILATION ERROR : 
[INFO] -------------------------------------------------------------
[ERROR] /C:/Users/Admin/Documents/HTTTDN/ManageLegoShop_DesktopApp_V2/src/main/java/GUI/AttendanceTabNestedController.java:[105,32] cannot find symbol
  symbol:   method formatDate(java.time.LocalDate)
  location: variable validationUtils of type UTILS.ValidationUtils
[ERROR] /C:/Users/Admin/Documents/HTTTDN/ManageLegoShop_DesktopApp_V2/src/main/java/GUI/DisciplineTabNestedController.java:[200,101] cannot find symbol
  symbol:   method getEmployeeId()
  location: variable sessionManager of type SERVICE.SessionManagerService
[ERROR] /C:/Users/Admin/Documents/HTTTDN/ManageLegoShop_DesktopApp_V2/src/main/java/GUI/DisciplineTabNestedController.java:[225,30] cannot find symbol
  symbol:   method showWarningAlert(java.lang.String,java.lang.String)
  location: class UTILS.NotificationUtils
[ERROR] /C:/Users/Admin/Documents/HTTTDN/ManageLegoShop_DesktopApp_V2/src/main/java/GUI/DisciplineTabNestedController.java:[236,30] cannot find symbol
  symbol:   method showWarningAlert(java.lang.String,java.lang.String)
  location: class UTILS.NotificationUtils
[ERROR] /C:/Users/Admin/Documents/HTTTDN/ManageLegoShop_DesktopApp_V2/src/main/java/GUI/HROperationsTabController.java:[97,54] cannot find symbol
  symbol:   method getEmployeeId()
  location: variable newVal of type DTO.EmployeeDTO
[ERROR] /C:/Users/Admin/Documents/HTTTDN/ManageLegoShop_DesktopApp_V2/src/main/java/GUI/HROperationsTabController.java:[107,20] cannot find symbol
  symbol:   method getEmployeeId()
  location: variable emp of type DTO.EmployeeDTO
[ERROR] /C:/Users/Admin/Documents/HTTTDN/ManageLegoShop_DesktopApp_V2/src/main/java/GUI/HROperationsTabController.java:[132,58] cannot find symbol
  symbol:   method getEmployeeId()
  location: variable emp of type DTO.EmployeeDTO
[ERROR] /C:/Users/Admin/Documents/HTTTDN/ManageLegoShop_DesktopApp_V2/src/main/java/GUI/HROperationsTabController.java:[148,60] invalid method reference
  cannot find symbol
    symbol:   method getEmployeeId()
    location: class DTO.EmployeeDTO
[ERROR] /C:/Users/Admin/Documents/HTTTDN/ManageLegoShop_DesktopApp_V2/src/main/java/GUI/HROperationsTabController.java:[155,42] cannot find symbol
  symbol:   method showWarningAlert(java.lang.String,java.lang.String)
  location: class UTILS.NotificationUtils
[ERROR] /C:/Users/Admin/Documents/HTTTDN/ManageLegoShop_DesktopApp_V2/src/main/java/GUI/HROperationsTabController.java:[200,59] cannot find symbol
  symbol:   method getEmployeeId()
  location: variable selectedEmployee of type DTO.EmployeeDTO
[ERROR] /C:/Users/Admin/Documents/HTTTDN/ManageLegoShop_DesktopApp_V2/src/main/java/GUI/LeaveRequestTabNestedController.java:[81,51] cannot find symbol
  symbol:   method getLeaveRequestId()
  location: class DTO.LeaveRequestDTO
[ERROR] /C:/Users/Admin/Documents/HTTTDN/ManageLegoShop_DesktopApp_V2/src/main/java/GUI/LeaveRequestTabNestedController.java:[83,63] cannot find symbol
  symbol:   method getFromDate()
  location: class DTO.LeaveRequestDTO
[ERROR] /C:/Users/Admin/Documents/HTTTDN/ManageLegoShop_DesktopApp_V2/src/main/java/GUI/LeaveRequestTabNestedController.java:[85,63] cannot find symbol
  symbol:   method getToDate()
  location: class DTO.LeaveRequestDTO
[ERROR] /C:/Users/Admin/Documents/HTTTDN/ManageLegoShop_DesktopApp_V2/src/main/java/GUI/LeaveRequestTabNestedController.java:[87,36] cannot find symbol
  symbol:   method getReason()
  location: class DTO.LeaveRequestDTO
[ERROR] /C:/Users/Admin/Documents/HTTTDN/ManageLegoShop_DesktopApp_V2/src/main/java/GUI/LeaveRequestTabNestedController.java:[87,78] cannot find symbol
  symbol:   method getReason()
  location: class DTO.LeaveRequestDTO
[ERROR] /C:/Users/Admin/Documents/HTTTDN/ManageLegoShop_DesktopApp_V2/src/main/java/GUI/LeaveRequestTabNestedController.java:[89,36] cannot find symbol
  symbol:   method getStatus()
  location: class DTO.LeaveRequestDTO
[ERROR] /C:/Users/Admin/Documents/HTTTDN/ManageLegoShop_DesktopApp_V2/src/main/java/GUI/LeaveRequestTabNestedController.java:[89,78] cannot find symbol
  symbol:   method getStatus()
  location: class DTO.LeaveRequestDTO
[ERROR] /C:/Users/Admin/Documents/HTTTDN/ManageLegoShop_DesktopApp_V2/src/main/java/GUI/LeaveRequestTabNestedController.java:[171,22] cannot find symbol
  symbol:   method getLeaveRequestId()
  location: variable leave of type DTO.LeaveRequestDTO
[ERROR] /C:/Users/Admin/Documents/HTTTDN/ManageLegoShop_DesktopApp_V2/src/main/java/GUI/LeaveRequestTabNestedController.java:[172,49] cannot find symbol
  symbol:   method getFromDate()
  location: variable leave of type DTO.LeaveRequestDTO
[ERROR] /C:/Users/Admin/Documents/HTTTDN/ManageLegoShop_DesktopApp_V2/src/main/java/GUI/LeaveRequestTabNestedController.java:[173,49] cannot find symbol
  symbol:   method getToDate()
  location: variable leave of type DTO.LeaveRequestDTO
[ERROR] /C:/Users/Admin/Documents/HTTTDN/ManageLegoShop_DesktopApp_V2/src/main/java/GUI/LeaveRequestTabNestedController.java:[174,22] cannot find symbol
  symbol:   method getReason()
  location: variable leave of type DTO.LeaveRequestDTO
[ERROR] /C:/Users/Admin/Documents/HTTTDN/ManageLegoShop_DesktopApp_V2/src/main/java/GUI/LeaveRequestTabNestedController.java:[174,50] cannot find symbol
  symbol:   method getReason()
  location: variable leave of type DTO.LeaveRequestDTO
[ERROR] /C:/Users/Admin/Documents/HTTTDN/ManageLegoShop_DesktopApp_V2/src/main/java/GUI/LeaveRequestTabNestedController.java:[175,22] cannot find symbol
  symbol:   method getStatus()
  location: variable leave of type DTO.LeaveRequestDTO
[ERROR] /C:/Users/Admin/Documents/HTTTDN/ManageLegoShop_DesktopApp_V2/src/main/java/GUI/LeaveRequestTabNestedController.java:[175,50] cannot find symbol
  symbol:   method getStatus()
  location: variable leave of type DTO.LeaveRequestDTO
[ERROR] /C:/Users/Admin/Documents/HTTTDN/ManageLegoShop_DesktopApp_V2/src/main/java/GUI/LeaveRequestTabNestedController.java:[194,53] cannot find symbol
  symbol:   method getLeaveRequestId()
  location: variable leave of type DTO.LeaveRequestDTO
[ERROR] /C:/Users/Admin/Documents/HTTTDN/ManageLegoShop_DesktopApp_V2/src/main/java/GUI/LeaveRequestTabNestedController.java:[219,30] cannot find symbol
  symbol:   method showWarningAlert(java.lang.String,java.lang.String)
  location: class UTILS.NotificationUtils
[ERROR] /C:/Users/Admin/Documents/HTTTDN/ManageLegoShop_DesktopApp_V2/src/main/java/GUI/LeaveRequestTabNestedController.java:[230,30] cannot find symbol
  symbol:   method showWarningAlert(java.lang.String,java.lang.String)
  location: class UTILS.NotificationUtils
[INFO] 27 errors 
[INFO] -------------------------------------------------------------
[INFO] ------------------------------------------------------------------------
[INFO] BUILD FAILURE
[INFO] ------------------------------------------------------------------------
[INFO] Total time:  5.403 s
[INFO] Finished at: 2026-02-22T16:13:24+07:00
[INFO] ------------------------------------------------------------------------
[ERROR] Failed to execute goal org.apache.maven.plugins:maven-compiler-plugin:3.13.0:compile (default-compile) on project Shop: Compilation failure: Compilation failure: 
[ERROR] /C:/Users/Admin/Documents/HTTTDN/ManageLegoShop_DesktopApp_V2/src/main/java/GUI/AttendanceTabNestedController.java:[105,32] cannot find symbol
[ERROR]   symbol:   method formatDate(java.time.LocalDate)
[ERROR]   location: variable validationUtils of type UTILS.ValidationUtils
[ERROR] /C:/Users/Admin/Documents/HTTTDN/ManageLegoShop_DesktopApp_V2/src/main/java/GUI/DisciplineTabNestedController.java:[200,101] cannot find symbol
[ERROR]   symbol:   method getEmployeeId()
[ERROR]   location: variable sessionManager of type SERVICE.SessionManagerService
[ERROR] /C:/Users/Admin/Documents/HTTTDN/ManageLegoShop_DesktopApp_V2/src/main/java/GUI/DisciplineTabNestedController.java:[225,30] cannot find symbol
[ERROR]   symbol:   method showWarningAlert(java.lang.String,java.lang.String)
[ERROR]   location: class UTILS.NotificationUtils
[ERROR] /C:/Users/Admin/Documents/HTTTDN/ManageLegoShop_DesktopApp_V2/src/main/java/GUI/DisciplineTabNestedController.java:[236,30] cannot find symbol
[ERROR]   symbol:   method showWarningAlert(java.lang.String,java.lang.String)
[ERROR]   location: class UTILS.NotificationUtils
[ERROR] /C:/Users/Admin/Documents/HTTTDN/ManageLegoShop_DesktopApp_V2/src/main/java/GUI/HROperationsTabController.java:[97,54] cannot find symbol
[ERROR]   symbol:   method getEmployeeId()
[ERROR]   location: variable newVal of type DTO.EmployeeDTO
[ERROR] /C:/Users/Admin/Documents/HTTTDN/ManageLegoShop_DesktopApp_V2/src/main/java/GUI/HROperationsTabController.java:[107,20] cannot find symbol
[ERROR]   symbol:   method getEmployeeId()
[ERROR]   location: variable emp of type DTO.EmployeeDTO
[ERROR] /C:/Users/Admin/Documents/HTTTDN/ManageLegoShop_DesktopApp_V2/src/main/java/GUI/HROperationsTabController.java:[132,58] cannot find symbol
[ERROR]   symbol:   method getEmployeeId()
[ERROR]   location: variable emp of type DTO.EmployeeDTO
[ERROR] /C:/Users/Admin/Documents/HTTTDN/ManageLegoShop_DesktopApp_V2/src/main/java/GUI/HROperationsTabController.java:[148,60] invalid method reference
[ERROR]   cannot find symbol
[ERROR]     symbol:   method getEmployeeId()
[ERROR]     location: class DTO.EmployeeDTO
[ERROR] /C:/Users/Admin/Documents/HTTTDN/ManageLegoShop_DesktopApp_V2/src/main/java/GUI/HROperationsTabController.java:[155,42] cannot find symbol
[ERROR]   symbol:   method showWarningAlert(java.lang.String,java.lang.String)
[ERROR]   location: class UTILS.NotificationUtils
[ERROR] /C:/Users/Admin/Documents/HTTTDN/ManageLegoShop_DesktopApp_V2/src/main/java/GUI/HROperationsTabController.java:[200,59] cannot find symbol
[ERROR]   symbol:   method getEmployeeId()
[ERROR]   location: variable selectedEmployee of type DTO.EmployeeDTO
[ERROR] /C:/Users/Admin/Documents/HTTTDN/ManageLegoShop_DesktopApp_V2/src/main/java/GUI/LeaveRequestTabNestedController.java:[81,51] cannot find symbol
[ERROR]   symbol:   method getLeaveRequestId()
[ERROR]   location: class DTO.LeaveRequestDTO
[ERROR] /C:/Users/Admin/Documents/HTTTDN/ManageLegoShop_DesktopApp_V2/src/main/java/GUI/LeaveRequestTabNestedController.java:[83,63] cannot find symbol
[ERROR]   symbol:   method getFromDate()
[ERROR]   location: class DTO.LeaveRequestDTO
[ERROR] /C:/Users/Admin/Documents/HTTTDN/ManageLegoShop_DesktopApp_V2/src/main/java/GUI/LeaveRequestTabNestedController.java:[85,63] cannot find symbol
[ERROR]   symbol:   method getToDate()
[ERROR]   location: class DTO.LeaveRequestDTO
[ERROR] /C:/Users/Admin/Documents/HTTTDN/ManageLegoShop_DesktopApp_V2/src/main/java/GUI/LeaveRequestTabNestedController.java:[87,36] cannot find symbol
[ERROR]   symbol:   method getReason()
[ERROR]   location: class DTO.LeaveRequestDTO
[ERROR] /C:/Users/Admin/Documents/HTTTDN/ManageLegoShop_DesktopApp_V2/src/main/java/GUI/LeaveRequestTabNestedController.java:[87,78] cannot find symbol
[ERROR]   symbol:   method getReason()
[ERROR]   location: class DTO.LeaveRequestDTO
[ERROR] /C:/Users/Admin/Documents/HTTTDN/ManageLegoShop_DesktopApp_V2/src/main/java/GUI/LeaveRequestTabNestedController.java:[89,36] cannot find symbol
[ERROR]   symbol:   method getStatus()
[ERROR]   location: class DTO.LeaveRequestDTO
[ERROR] /C:/Users/Admin/Documents/HTTTDN/ManageLegoShop_DesktopApp_V2/src/main/java/GUI/LeaveRequestTabNestedController.java:[89,78] cannot find symbol
[ERROR]   symbol:   method getStatus()
[ERROR]   location: class DTO.LeaveRequestDTO
[ERROR] /C:/Users/Admin/Documents/HTTTDN/ManageLegoShop_DesktopApp_V2/src/main/java/GUI/LeaveRequestTabNestedController.java:[171,22] cannot find symbol
[ERROR]   symbol:   method getLeaveRequestId()
[ERROR]   location: variable leave of type DTO.LeaveRequestDTO
[ERROR] /C:/Users/Admin/Documents/HTTTDN/ManageLegoShop_DesktopApp_V2/src/main/java/GUI/LeaveRequestTabNestedController.java:[172,49] cannot find symbol
[ERROR]   symbol:   method getFromDate()
[ERROR]   location: variable leave of type DTO.LeaveRequestDTO
[ERROR] /C:/Users/Admin/Documents/HTTTDN/ManageLegoShop_DesktopApp_V2/src/main/java/GUI/LeaveRequestTabNestedController.java:[173,49] cannot find symbol
[ERROR]   symbol:   method getToDate()
[ERROR]   location: variable leave of type DTO.LeaveRequestDTO
[ERROR] /C:/Users/Admin/Documents/HTTTDN/ManageLegoShop_DesktopApp_V2/src/main/java/GUI/LeaveRequestTabNestedController.java:[174,22] cannot find symbol
[ERROR]   symbol:   method getReason()
[ERROR]   location: variable leave of type DTO.LeaveRequestDTO
[ERROR] /C:/Users/Admin/Documents/HTTTDN/ManageLegoShop_DesktopApp_V2/src/main/java/GUI/LeaveRequestTabNestedController.java:[174,50] cannot find symbol
[ERROR]   symbol:   method getReason()
[ERROR]   location: variable leave of type DTO.LeaveRequestDTO
[ERROR] /C:/Users/Admin/Documents/HTTTDN/ManageLegoShop_DesktopApp_V2/src/main/java/GUI/LeaveRequestTabNestedController.java:[175,22] cannot find symbol
[ERROR]   symbol:   method getStatus()
[ERROR]   location: variable leave of type DTO.LeaveRequestDTO
[ERROR] /C:/Users/Admin/Documents/HTTTDN/ManageLegoShop_DesktopApp_V2/src/main/java/GUI/LeaveRequestTabNestedController.java:[175,50] cannot find symbol
[ERROR]   symbol:   method getStatus()
[ERROR]   location: variable leave of type DTO.LeaveRequestDTO
[ERROR] /C:/Users/Admin/Documents/HTTTDN/ManageLegoShop_DesktopApp_V2/src/main/java/GUI/LeaveRequestTabNestedController.java:[194,53] cannot find symbol
[ERROR]   symbol:   method getLeaveRequestId()
[ERROR]   location: variable leave of type DTO.LeaveRequestDTO
[ERROR] /C:/Users/Admin/Documents/HTTTDN/ManageLegoShop_DesktopApp_V2/src/main/java/GUI/LeaveRequestTabNestedController.java:[219,30] cannot find symbol
[ERROR]   symbol:   method showWarningAlert(java.lang.String,java.lang.String)
[ERROR]   location: class UTILS.NotificationUtils
[ERROR] /C:/Users/Admin/Documents/HTTTDN/ManageLegoShop_DesktopApp_V2/src/main/java/GUI/LeaveRequestTabNestedController.java:[230,30] cannot find symbol
[ERROR]   symbol:   method showWarningAlert(java.lang.String,java.lang.String)
[ERROR]   location: class UTILS.NotificationUtils
[ERROR] -> [Help 1]
[ERROR] 
[ERROR] To see the full stack trace of the errors, re-run Maven with the -e switch.
[ERROR] Re-run Maven using the -X switch to enable full debug logging.
[ERROR] 
[ERROR] For more information about the errors and possible solutions, please read the following articles:
[ERROR] [Help 1] http://cwiki.apache.org/confluence/display/MAVEN/MojoFailureException
